// Jest Snapshot v1, https://goo.gl/fbAQLP

exports[`Register Component matches snapshot DOM node structure 1`] = `
<DocumentFragment>
  <div>
    Register
  </div>
</DocumentFragment>
`;
