// Jest Snapshot v1, https://goo.gl/fbAQLP

exports[`Search Component matches snapshot DOM node structure 1`] = `
<DocumentFragment>
  <div>
    Search
  </div>
</DocumentFragment>
`;
