// Jest Snapshot v1, https://goo.gl/fbAQLP

exports[`Nav Component matches snapshot DOM node structure 1`] = `
<DocumentFragment>
  <div>
    Nav
  </div>
</DocumentFragment>
`;
